
> chanda-nextjs@0.1.0 build
> next build

Γû▓ Next.js 16.2.2 (Turbopack)
- Environments: .env.local

node.exe : ΓÜá The "middleware" file convention is deprecated. Please use "proxy" instead. Learn 
more: https://nextjs.org/docs/messages/middleware-to-proxy
At C:\Program Files\nodejs\npm.ps1:29 char:3
+   & $NODE_EXE $NPM_CLI_JS $args
+   ~~~~~~~~~~~~~~~~~~~~~~~~~~~~~
    + CategoryInfo          : NotSpecified: (ΓÜá The "middle...leware-to-proxy:String) [], RemoteEx 
   ception
    + FullyQualifiedErrorId : NativeCommandError
 
  Creating an optimized production build ...
Γ£ô Compiled successfully in 7.8s
  Running TypeScript ...
  Finished TypeScript in 8.3s ...
  Collecting page data using 10 workers ...
  Generating static pages using 10 workers (0/9) ...
  Generating static pages using 10 workers (2/9) 
Error occurred prerendering page "/admin/change-password". Read more: 
https://nextjs.org/docs/messages/prerender-error
Error: Invalid supabaseUrl: Must be a valid HTTP or HTTPS URL.
    at <unknown> 
(D:\chanda_recent\chanda-project-main\chanda-nextjs\.next\server\chunks\ssr\_05ufb75._.js:37:43510)
    at new cv 
(D:\chanda_recent\chanda-project-main\chanda-nextjs\.next\server\chunks\ssr\_05ufb75._.js:37:43692)
    at <unknown> 
(D:\chanda_recent\chanda-project-main\chanda-nextjs\.next\server\chunks\ssr\_05ufb75._.js:59:4318)
    at <unknown> 
(D:\chanda_recent\chanda-project-main\chanda-nextjs\.next\server\chunks\ssr\_05ufb75._.js:59:4551)
    at <unknown> (D:\chanda_recent\chanda-project-main\chanda-nextjs\.next\server\chunks\ssr\src_app
_admin_change-password_page_tsx_09xs7z5._.js:1:307) {
  digest: '2711169669'
}
Export encountered an error on /admin/change-password/page: /admin/change-password, exiting the 
build.
Γ¿» Next.js build worker exited with code: 1 and signal: null
